// Jest Snapshot v1, https://goo.gl/fbAQLP

exports[`ColorPalette ColorPalette이 렌더링 된다. 1`] = `
ShallowWrapper {
  "length": 1,
  Symbol(enzyme.__root__): [Circular],
  Symbol(enzyme.__unrendered__): <ColorPalette
    changeColor={[Function]}
    color="#ffa8a8"
/>,
  Symbol(enzyme.__renderer__): Object {
    "batchedUpdates": [Function],
    "getNode": [Function],
    "render": [Function],
    "simulateEvent": [Function],
    "unmount": [Function],
  },
  Symbol(enzyme.__node__): Object {
    "instance": null,
    "key": undefined,
    "nodeType": "host",
    "props": Object {
      "children": Array [
        <div
          className="color"
          onClick={[Function]}
          style={
                    Object {
                              "backgroundColor": "#ffa8a8",
                            }
          }
>
          <i
                    className="mdi mdi-check"
          />
</div>,
        <div
          className="color"
          onClick={[Function]}
          style={
                    Object {
                              "backgroundColor": "#faa2c1",
                            }
          }
/>,
        <div
          className="color"
          onClick={[Function]}
          style={
                    Object {
                              "backgroundColor": "#eebefa",
                            }
          }
/>,
        <div
          className="color"
          onClick={[Function]}
          style={
                    Object {
                              "backgroundColor": "#d0bfff",
                            }
          }
/>,
        <div
          className="color"
          onClick={[Function]}
          style={
                    Object {
                              "backgroundColor": "#bac8ff",
                            }
          }
/>,
        <div
          className="color"
          onClick={[Function]}
          style={
                    Object {
                              "backgroundColor": "#a5d8ff",
                            }
          }
/>,
        <div
          className="color"
          onClick={[Function]}
          style={
                    Object {
                              "backgroundColor": "#c5f6fa",
                            }
          }
/>,
        <div
          className="color"
          onClick={[Function]}
          style={
                    Object {
                              "backgroundColor": "#99e9f2",
                            }
          }
/>,
        <div
          className="color"
          onClick={[Function]}
          style={
                    Object {
                              "backgroundColor": "#96f2d7",
                            }
          }
/>,
        <div
          className="color"
          onClick={[Function]}
          style={
                    Object {
                              "backgroundColor": "#b2f2bb",
                            }
          }
/>,
        <div
          className="color"
          onClick={[Function]}
          style={
                    Object {
                              "backgroundColor": "#ffe066",
                            }
          }
/>,
        <div
          className="color"
          onClick={[Function]}
          style={
                    Object {
                              "backgroundColor": "#ff922b",
                            }
          }
/>,
      ],
    },
    "ref": null,
    "rendered": Array [
      Object {
        "instance": null,
        "key": "0",
        "nodeType": "host",
        "props": Object {
          "children": <i
            className="mdi mdi-check"
/>,
          "className": "color",
          "onClick": [Function],
          "style": Object {
            "backgroundColor": "#ffa8a8",
          },
        },
        "ref": null,
        "rendered": Object {
          "instance": null,
          "key": undefined,
          "nodeType": "host",
          "props": Object {
            "className": "mdi mdi-check",
          },
          "ref": null,
          "rendered": null,
          "type": "i",
        },
        "type": "div",
      },
      Object {
        "instance": null,
        "key": "1",
        "nodeType": "host",
        "props": Object {
          "children": false,
          "className": "color",
          "onClick": [Function],
          "style": Object {
            "backgroundColor": "#faa2c1",
          },
        },
        "ref": null,
        "rendered": false,
        "type": "div",
      },
      Object {
        "instance": null,
        "key": "2",
        "nodeType": "host",
        "props": Object {
          "children": false,
          "className": "color",
          "onClick": [Function],
          "style": Object {
            "backgroundColor": "#eebefa",
          },
        },
        "ref": null,
        "rendered": false,
        "type": "div",
      },
      Object {
        "instance": null,
        "key": "3",
        "nodeType": "host",
        "props": Object {
          "children": false,
          "className": "color",
          "onClick": [Function],
          "style": Object {
            "backgroundColor": "#d0bfff",
          },
        },
        "ref": null,
        "rendered": false,
        "type": "div",
      },
      Object {
        "instance": null,
        "key": "4",
        "nodeType": "host",
        "props": Object {
          "children": false,
          "className": "color",
          "onClick": [Function],
          "style": Object {
            "backgroundColor": "#bac8ff",
          },
        },
        "ref": null,
        "rendered": false,
        "type": "div",
      },
      Object {
        "instance": null,
        "key": "5",
        "nodeType": "host",
        "props": Object {
          "children": false,
          "className": "color",
          "onClick": [Function],
          "style": Object {
            "backgroundColor": "#a5d8ff",
          },
        },
        "ref": null,
        "rendered": false,
        "type": "div",
      },
      Object {
        "instance": null,
        "key": "6",
        "nodeType": "host",
        "props": Object {
          "children": false,
          "className": "color",
          "onClick": [Function],
          "style": Object {
            "backgroundColor": "#c5f6fa",
          },
        },
        "ref": null,
        "rendered": false,
        "type": "div",
      },
      Object {
        "instance": null,
        "key": "7",
        "nodeType": "host",
        "props": Object {
          "children": false,
          "className": "color",
          "onClick": [Function],
          "style": Object {
            "backgroundColor": "#99e9f2",
          },
        },
        "ref": null,
        "rendered": false,
        "type": "div",
      },
      Object {
        "instance": null,
        "key": "8",
        "nodeType": "host",
        "props": Object {
          "children": false,
          "className": "color",
          "onClick": [Function],
          "style": Object {
            "backgroundColor": "#96f2d7",
          },
        },
        "ref": null,
        "rendered": false,
        "type": "div",
      },
      Object {
        "instance": null,
        "key": "9",
        "nodeType": "host",
        "props": Object {
          "children": false,
          "className": "color",
          "onClick": [Function],
          "style": Object {
            "backgroundColor": "#b2f2bb",
          },
        },
        "ref": null,
        "rendered": false,
        "type": "div",
      },
      Object {
        "instance": null,
        "key": "10",
        "nodeType": "host",
        "props": Object {
          "children": false,
          "className": "color",
          "onClick": [Function],
          "style": Object {
            "backgroundColor": "#ffe066",
          },
        },
        "ref": null,
        "rendered": false,
        "type": "div",
      },
      Object {
        "instance": null,
        "key": "11",
        "nodeType": "host",
        "props": Object {
          "children": false,
          "className": "color",
          "onClick": [Function],
          "style": Object {
            "backgroundColor": "#ff922b",
          },
        },
        "ref": null,
        "rendered": false,
        "type": "div",
      },
    ],
    "type": "div",
  },
  Symbol(enzyme.__nodes__): Array [
    Object {
      "instance": null,
      "key": undefined,
      "nodeType": "host",
      "props": Object {
        "children": Array [
          <div
            className="color"
            onClick={[Function]}
            style={
                        Object {
                                    "backgroundColor": "#ffa8a8",
                                  }
            }
>
            <i
                        className="mdi mdi-check"
            />
</div>,
          <div
            className="color"
            onClick={[Function]}
            style={
                        Object {
                                    "backgroundColor": "#faa2c1",
                                  }
            }
/>,
          <div
            className="color"
            onClick={[Function]}
            style={
                        Object {
                                    "backgroundColor": "#eebefa",
                                  }
            }
/>,
          <div
            className="color"
            onClick={[Function]}
            style={
                        Object {
                                    "backgroundColor": "#d0bfff",
                                  }
            }
/>,
          <div
            className="color"
            onClick={[Function]}
            style={
                        Object {
                                    "backgroundColor": "#bac8ff",
                                  }
            }
/>,
          <div
            className="color"
            onClick={[Function]}
            style={
                        Object {
                                    "backgroundColor": "#a5d8ff",
                                  }
            }
/>,
          <div
            className="color"
            onClick={[Function]}
            style={
                        Object {
                                    "backgroundColor": "#c5f6fa",
                                  }
            }
/>,
          <div
            className="color"
            onClick={[Function]}
            style={
                        Object {
                                    "backgroundColor": "#99e9f2",
                                  }
            }
/>,
          <div
            className="color"
            onClick={[Function]}
            style={
                        Object {
                                    "backgroundColor": "#96f2d7",
                                  }
            }
/>,
          <div
            className="color"
            onClick={[Function]}
            style={
                        Object {
                                    "backgroundColor": "#b2f2bb",
                                  }
            }
/>,
          <div
            className="color"
            onClick={[Function]}
            style={
                        Object {
                                    "backgroundColor": "#ffe066",
                                  }
            }
/>,
          <div
            className="color"
            onClick={[Function]}
            style={
                        Object {
                                    "backgroundColor": "#ff922b",
                                  }
            }
/>,
        ],
      },
      "ref": null,
      "rendered": Array [
        Object {
          "instance": null,
          "key": "0",
          "nodeType": "host",
          "props": Object {
            "children": <i
              className="mdi mdi-check"
/>,
            "className": "color",
            "onClick": [Function],
            "style": Object {
              "backgroundColor": "#ffa8a8",
            },
          },
          "ref": null,
          "rendered": Object {
            "instance": null,
            "key": undefined,
            "nodeType": "host",
            "props": Object {
              "className": "mdi mdi-check",
            },
            "ref": null,
            "rendered": null,
            "type": "i",
          },
          "type": "div",
        },
        Object {
          "instance": null,
          "key": "1",
          "nodeType": "host",
          "props": Object {
            "children": false,
            "className": "color",
            "onClick": [Function],
            "style": Object {
              "backgroundColor": "#faa2c1",
            },
          },
          "ref": null,
          "rendered": false,
          "type": "div",
        },
        Object {
          "instance": null,
          "key": "2",
          "nodeType": "host",
          "props": Object {
            "children": false,
            "className": "color",
            "onClick": [Function],
            "style": Object {
              "backgroundColor": "#eebefa",
            },
          },
          "ref": null,
          "rendered": false,
          "type": "div",
        },
        Object {
          "instance": null,
          "key": "3",
          "nodeType": "host",
          "props": Object {
            "children": false,
            "className": "color",
            "onClick": [Function],
            "style": Object {
              "backgroundColor": "#d0bfff",
            },
          },
          "ref": null,
          "rendered": false,
          "type": "div",
        },
        Object {
          "instance": null,
          "key": "4",
          "nodeType": "host",
          "props": Object {
            "children": false,
            "className": "color",
            "onClick": [Function],
            "style": Object {
              "backgroundColor": "#bac8ff",
            },
          },
          "ref": null,
          "rendered": false,
          "type": "div",
        },
        Object {
          "instance": null,
          "key": "5",
          "nodeType": "host",
          "props": Object {
            "children": false,
            "className": "color",
            "onClick": [Function],
            "style": Object {
              "backgroundColor": "#a5d8ff",
            },
          },
          "ref": null,
          "rendered": false,
          "type": "div",
        },
        Object {
          "instance": null,
          "key": "6",
          "nodeType": "host",
          "props": Object {
            "children": false,
            "className": "color",
            "onClick": [Function],
            "style": Object {
              "backgroundColor": "#c5f6fa",
            },
          },
          "ref": null,
          "rendered": false,
          "type": "div",
        },
        Object {
          "instance": null,
          "key": "7",
          "nodeType": "host",
          "props": Object {
            "children": false,
            "className": "color",
            "onClick": [Function],
            "style": Object {
              "backgroundColor": "#99e9f2",
            },
          },
          "ref": null,
          "rendered": false,
          "type": "div",
        },
        Object {
          "instance": null,
          "key": "8",
          "nodeType": "host",
          "props": Object {
            "children": false,
            "className": "color",
            "onClick": [Function],
            "style": Object {
              "backgroundColor": "#96f2d7",
            },
          },
          "ref": null,
          "rendered": false,
          "type": "div",
        },
        Object {
          "instance": null,
          "key": "9",
          "nodeType": "host",
          "props": Object {
            "children": false,
            "className": "color",
            "onClick": [Function],
            "style": Object {
              "backgroundColor": "#b2f2bb",
            },
          },
          "ref": null,
          "rendered": false,
          "type": "div",
        },
        Object {
          "instance": null,
          "key": "10",
          "nodeType": "host",
          "props": Object {
            "children": false,
            "className": "color",
            "onClick": [Function],
            "style": Object {
              "backgroundColor": "#ffe066",
            },
          },
          "ref": null,
          "rendered": false,
          "type": "div",
        },
        Object {
          "instance": null,
          "key": "11",
          "nodeType": "host",
          "props": Object {
            "children": false,
            "className": "color",
            "onClick": [Function],
            "style": Object {
              "backgroundColor": "#ff922b",
            },
          },
          "ref": null,
          "rendered": false,
          "type": "div",
        },
      ],
      "type": "div",
    },
  ],
  Symbol(enzyme.__options__): Object {
    "adapter": ReactSixteenAdapter {
      "options": Object {
        "enableComponentDidUpdateOnSetState": true,
      },
    },
  },
}
`;
